
> wedding-planner-v2@0.1.0 build
> next build

node.exe : ÔÜá Warning: Next.js inferred your workspace root, but it 
may not be correct.
Au caractère C:\Program Files\nodejs\npm.ps1:29 : 3
+   & $NODE_EXE $NPM_CLI_JS $args
+   ~~~~~~~~~~~~~~~~~~~~~~~~~~~~~
    + CategoryInfo          : NotSpecified: (ÔÜá Warning: Ne...not be  
   correct.:String) [], RemoteException
    + FullyQualifiedErrorId : NativeCommandError
 
 We detected multiple lockfiles and selected the directory of 
C:\Users\fphil\package-lock.json as the root directory.
 To silence this warning, set `turbopack.root` in your Next.js config, 
or consider removing one of the lockfiles if it's not needed.
   See https://nextjs.org/docs/app/api-reference/config/next-config-js/
turbopack#root-directory for more information.
 Detected additional lockfiles: 
   * C:\Users\fphil\.gemini\antigravity\scratch\wedding-planner-v2\pack
age-lock.json

Ôû▓ Next.js 16.1.6 (Turbopack)
- Environments: .env.local, .env

  Creating an optimized production build ...
Ô£ô Compiled successfully in 20.4s
  Running TypeScript ...
  Collecting page data using 7 workers ...
  Generating static pages using 7 workers (0/8) ...
  Generating static pages using 7 workers (2/8) 
  Generating static pages using 7 workers (4/8) 
  Generating static pages using 7 workers (6/8) 
Ô£ô Generating static pages using 7 workers (8/8) in 1676.0ms
  Finalizing page optimization ...

Route (app)
Ôöî Ôùï /
Ôö£ Ôùï /_not-found
Ôö£ Ôùï /budget
Ôö£ Ôùï /dashboard
Ôö£ Ôùï /guests
Ôöö Ôùï /tasks


Ôùï  (Static)  prerendered as static content

